[2026-05-10T15:16:15.186+0000] {local_task_job_runner.py:120} INFO - ::group::Pre task execution logs
[2026-05-10T15:16:15.288+0000] {taskinstance.py:2073} INFO - Dependencies all met for dep_context=non-requeueable deps ti=<TaskInstance: sneakerz_pipeline.scrape_footlocker manual__2026-05-10T15:16:14.247130+00:00 [queued]>
[2026-05-10T15:16:15.315+0000] {taskinstance.py:2073} INFO - Dependencies all met for dep_context=requeueable deps ti=<TaskInstance: sneakerz_pipeline.scrape_footlocker manual__2026-05-10T15:16:14.247130+00:00 [queued]>
[2026-05-10T15:16:15.316+0000] {taskinstance.py:2303} INFO - Starting attempt 1 of 3
[2026-05-10T15:16:15.347+0000] {taskinstance.py:2327} INFO - Executing <Task(BashOperator): scrape_footlocker> on 2026-05-10 15:16:14.247130+00:00
[2026-05-10T15:16:15.378+0000] {logging_mixin.py:188} WARNING - /home/airflow/.local/lib/python3.12/site-packages/airflow/task/task_runner/standard_task_runner.py:61 DeprecationWarning: This process (pid=228) is multi-threaded, use of fork() may lead to deadlocks in the child.
[2026-05-10T15:16:15.371+0000] {standard_task_runner.py:90} INFO - Running: ['airflow', 'tasks', 'run', 'sneakerz_pipeline', 'scrape_footlocker', 'manual__2026-05-10T15:16:14.247130+00:00', '--job-id', '5', '--raw', '--subdir', 'DAGS_FOLDER/sneakerz_pipeline.py', '--cfg-path', '/tmp/tmp06oz7exg']
[2026-05-10T15:16:15.381+0000] {standard_task_runner.py:63} INFO - Started process 231 to run task
[2026-05-10T15:16:15.381+0000] {standard_task_runner.py:91} INFO - Job 5: Subtask scrape_footlocker
[2026-05-10T15:16:15.499+0000] {task_command.py:426} INFO - Running <TaskInstance: sneakerz_pipeline.scrape_footlocker manual__2026-05-10T15:16:14.247130+00:00 [running]> on host 253b0be4b1f2
[2026-05-10T15:16:15.708+0000] {taskinstance.py:2644} INFO - Exporting env vars: AIRFLOW_CTX_DAG_OWNER='sneakerz' AIRFLOW_CTX_DAG_ID='sneakerz_pipeline' AIRFLOW_CTX_TASK_ID='scrape_footlocker' AIRFLOW_CTX_EXECUTION_DATE='2026-05-10T15:16:14.247130+00:00' AIRFLOW_CTX_TRY_NUMBER='1' AIRFLOW_CTX_DAG_RUN_ID='manual__2026-05-10T15:16:14.247130+00:00'
[2026-05-10T15:16:15.711+0000] {taskinstance.py:430} INFO - ::endgroup::
[2026-05-10T15:16:15.736+0000] {subprocess.py:63} INFO - Tmp dir root location: /tmp
[2026-05-10T15:16:15.738+0000] {subprocess.py:75} INFO - Running command: ['/usr/bin/bash', '-c', '\n        cd /opt/airflow/scraper &&\n        python fix_bronze.py &&\n        echo "✅ Footlocker scrapé"\n    ']
[2026-05-10T15:16:15.766+0000] {subprocess.py:86} INFO - Output:
[2026-05-10T15:16:15.772+0000] {subprocess.py:93} INFO - /usr/bin/bash: line 2: cd: /opt/airflow/scraper: No such file or directory
[2026-05-10T15:16:15.773+0000] {subprocess.py:97} INFO - Command exited with return code 1
[2026-05-10T15:16:15.775+0000] {taskinstance.py:441} INFO - ::group::Post task execution logs
[2026-05-10T15:16:15.804+0000] {taskinstance.py:2890} ERROR - Task failed with exception
Traceback (most recent call last):
  File "/home/airflow/.local/lib/python3.12/site-packages/airflow/models/taskinstance.py", line 465, in _execute_task
    result = _execute_callable(context=context, **execute_callable_kwargs)
             ^^^^^^^^^^^^^^^^^^^^^^^^^^^^^^^^^^^^^^^^^^^^^^^^^^^^^^^^^^^^^
  File "/home/airflow/.local/lib/python3.12/site-packages/airflow/models/taskinstance.py", line 432, in _execute_callable
    return execute_callable(context=context, **execute_callable_kwargs)
           ^^^^^^^^^^^^^^^^^^^^^^^^^^^^^^^^^^^^^^^^^^^^^^^^^^^^^^^^^^^^
  File "/home/airflow/.local/lib/python3.12/site-packages/airflow/models/baseoperator.py", line 400, in wrapper
    return func(self, *args, **kwargs)
           ^^^^^^^^^^^^^^^^^^^^^^^^^^^
  File "/home/airflow/.local/lib/python3.12/site-packages/airflow/operators/bash.py", line 243, in execute
    raise AirflowException(
airflow.exceptions.AirflowException: Bash command failed. The command returned a non-zero exit code 1.
[2026-05-10T15:16:15.822+0000] {taskinstance.py:1205} INFO - Marking task as UP_FOR_RETRY. dag_id=sneakerz_pipeline, task_id=scrape_footlocker, execution_date=20260510T151614, start_date=20260510T151615, end_date=20260510T151615
[2026-05-10T15:16:15.848+0000] {standard_task_runner.py:110} ERROR - Failed to execute job 5 for task scrape_footlocker (Bash command failed. The command returned a non-zero exit code 1.; 231)
[2026-05-10T15:16:15.880+0000] {local_task_job_runner.py:240} INFO - Task exited with return code 1
[2026-05-10T15:16:15.941+0000] {taskinstance.py:3482} INFO - 0 downstream tasks scheduled from follow-on schedule check
[2026-05-10T15:16:15.946+0000] {local_task_job_runner.py:222} INFO - ::endgroup::
