[2026-05-10T15:21:16.911+0000] {local_task_job_runner.py:120} INFO - ::group::Pre task execution logs
[2026-05-10T15:21:16.959+0000] {taskinstance.py:2073} INFO - Dependencies all met for dep_context=non-requeueable deps ti=<TaskInstance: sneakerz_pipeline.scrape_footlocker manual__2026-05-10T15:16:14.247130+00:00 [queued]>
[2026-05-10T15:21:16.973+0000] {taskinstance.py:2073} INFO - Dependencies all met for dep_context=requeueable deps ti=<TaskInstance: sneakerz_pipeline.scrape_footlocker manual__2026-05-10T15:16:14.247130+00:00 [queued]>
[2026-05-10T15:21:16.974+0000] {taskinstance.py:2303} INFO - Starting attempt 2 of 3
[2026-05-10T15:21:17.006+0000] {taskinstance.py:2327} INFO - Executing <Task(BashOperator): scrape_footlocker> on 2026-05-10 15:16:14.247130+00:00
[2026-05-10T15:21:17.020+0000] {standard_task_runner.py:90} INFO - Running: ['airflow', 'tasks', 'run', 'sneakerz_pipeline', 'scrape_footlocker', 'manual__2026-05-10T15:16:14.247130+00:00', '--job-id', '11', '--raw', '--subdir', 'DAGS_FOLDER/sneakerz_pipeline.py', '--cfg-path', '/tmp/tmp6e7ea4za']
[2026-05-10T15:21:17.024+0000] {standard_task_runner.py:91} INFO - Job 11: Subtask scrape_footlocker
[2026-05-10T15:21:17.025+0000] {logging_mixin.py:188} WARNING - /home/airflow/.local/lib/python3.12/site-packages/airflow/task/task_runner/standard_task_runner.py:61 DeprecationWarning: This process (pid=188) is multi-threaded, use of fork() may lead to deadlocks in the child.
[2026-05-10T15:21:17.026+0000] {standard_task_runner.py:63} INFO - Started process 191 to run task
[2026-05-10T15:21:17.128+0000] {task_command.py:426} INFO - Running <TaskInstance: sneakerz_pipeline.scrape_footlocker manual__2026-05-10T15:16:14.247130+00:00 [running]> on host 2738a36c0fc6
[2026-05-10T15:21:17.266+0000] {taskinstance.py:2644} INFO - Exporting env vars: AIRFLOW_CTX_DAG_OWNER='sneakerz' AIRFLOW_CTX_DAG_ID='sneakerz_pipeline' AIRFLOW_CTX_TASK_ID='scrape_footlocker' AIRFLOW_CTX_EXECUTION_DATE='2026-05-10T15:16:14.247130+00:00' AIRFLOW_CTX_TRY_NUMBER='2' AIRFLOW_CTX_DAG_RUN_ID='manual__2026-05-10T15:16:14.247130+00:00'
[2026-05-10T15:21:17.270+0000] {taskinstance.py:430} INFO - ::endgroup::
[2026-05-10T15:21:17.285+0000] {subprocess.py:63} INFO - Tmp dir root location: /tmp
[2026-05-10T15:21:17.287+0000] {subprocess.py:75} INFO - Running command: ['/usr/bin/bash', '-c', '\n        cd /opt/airflow/scraper &&\n        python fix_bronze.py &&\n        echo "✅ Footlocker scrapé"\n    ']
[2026-05-10T15:21:17.304+0000] {subprocess.py:86} INFO - Output:
[2026-05-10T15:21:17.445+0000] {subprocess.py:93} INFO - === FIX BRONZE LAYER ===
[2026-05-10T15:21:17.446+0000] {subprocess.py:93} INFO - [FOOTLOCKER] 26 produits générés ✅
[2026-05-10T15:21:17.447+0000] {subprocess.py:93} INFO -   → Nike | Air Max Tuned 1 | 110€
[2026-05-10T15:21:17.447+0000] {subprocess.py:93} INFO -   → Adidas | Gazelle | 100€
[2026-05-10T15:21:17.449+0000] {subprocess.py:93} INFO -   → Adidas | Samba Og | 100€
[2026-05-10T15:21:17.453+0000] {subprocess.py:93} INFO - [KICKSCREW] 23 produits générés ✅
[2026-05-10T15:21:17.454+0000] {subprocess.py:93} INFO -   → Nike | Air Jordan 1 Retro High OG | 180$
[2026-05-10T15:21:17.455+0000] {subprocess.py:93} INFO -   → Nike | Air Force 1 Low 07 | 110$
[2026-05-10T15:21:17.456+0000] {subprocess.py:93} INFO -   → Nike | Dunk Low Retro | 120$
[2026-05-10T15:21:17.457+0000] {subprocess.py:93} INFO - 
[2026-05-10T15:21:17.458+0000] {subprocess.py:93} INFO - ✅ Bronze layer prêt !
[2026-05-10T15:21:17.459+0000] {subprocess.py:93} INFO - ✅ Footlocker scrapé
[2026-05-10T15:21:17.460+0000] {subprocess.py:97} INFO - Command exited with return code 0
[2026-05-10T15:21:17.462+0000] {taskinstance.py:441} INFO - ::group::Post task execution logs
[2026-05-10T15:21:17.506+0000] {taskinstance.py:1205} INFO - Marking task as SUCCESS. dag_id=sneakerz_pipeline, task_id=scrape_footlocker, execution_date=20260510T151614, start_date=20260510T152116, end_date=20260510T152117
[2026-05-10T15:21:17.563+0000] {local_task_job_runner.py:240} INFO - Task exited with return code 0
[2026-05-10T15:21:17.609+0000] {taskinstance.py:3482} INFO - 0 downstream tasks scheduled from follow-on schedule check
[2026-05-10T15:21:17.613+0000] {local_task_job_runner.py:222} INFO - ::endgroup::
