[2026-05-10T19:33:22.148+0000] {local_task_job_runner.py:120} INFO - ::group::Pre task execution logs
[2026-05-10T19:33:22.216+0000] {taskinstance.py:2073} INFO - Dependencies all met for dep_context=non-requeueable deps ti=<TaskInstance: sneakerz_pipeline.scrape_footlocker manual__2026-05-10T19:23:14.550577+00:00 [queued]>
[2026-05-10T19:33:22.230+0000] {taskinstance.py:2073} INFO - Dependencies all met for dep_context=requeueable deps ti=<TaskInstance: sneakerz_pipeline.scrape_footlocker manual__2026-05-10T19:23:14.550577+00:00 [queued]>
[2026-05-10T19:33:22.232+0000] {taskinstance.py:2303} INFO - Starting attempt 3 of 3
[2026-05-10T19:33:22.252+0000] {taskinstance.py:2327} INFO - Executing <Task(PythonOperator): scrape_footlocker> on 2026-05-10 19:23:14.550577+00:00
[2026-05-10T19:33:22.267+0000] {standard_task_runner.py:90} INFO - Running: ['airflow', 'tasks', 'run', 'sneakerz_pipeline', 'scrape_footlocker', 'manual__2026-05-10T19:23:14.550577+00:00', '--job-id', '48', '--raw', '--subdir', 'DAGS_FOLDER/sneakerz_pipeline.py', '--cfg-path', '/tmp/tmpvh6ps5ps']
[2026-05-10T19:33:22.270+0000] {logging_mixin.py:188} WARNING - /home/airflow/.local/lib/python3.12/site-packages/airflow/task/task_runner/standard_task_runner.py:61 DeprecationWarning: This process (pid=175) is multi-threaded, use of fork() may lead to deadlocks in the child.
[2026-05-10T19:33:22.271+0000] {standard_task_runner.py:91} INFO - Job 48: Subtask scrape_footlocker
[2026-05-10T19:33:22.272+0000] {standard_task_runner.py:63} INFO - Started process 178 to run task
[2026-05-10T19:33:22.371+0000] {task_command.py:426} INFO - Running <TaskInstance: sneakerz_pipeline.scrape_footlocker manual__2026-05-10T19:23:14.550577+00:00 [running]> on host 2738a36c0fc6
[2026-05-10T19:33:22.540+0000] {taskinstance.py:2644} INFO - Exporting env vars: AIRFLOW_CTX_DAG_OWNER='sneakerz' AIRFLOW_CTX_DAG_ID='sneakerz_pipeline' AIRFLOW_CTX_TASK_ID='scrape_footlocker' AIRFLOW_CTX_EXECUTION_DATE='2026-05-10T19:23:14.550577+00:00' AIRFLOW_CTX_TRY_NUMBER='3' AIRFLOW_CTX_DAG_RUN_ID='manual__2026-05-10T19:23:14.550577+00:00'
[2026-05-10T19:33:22.542+0000] {taskinstance.py:430} INFO - ::endgroup::
[2026-05-10T19:33:22.647+0000] {taskinstance.py:441} INFO - ::group::Post task execution logs
[2026-05-10T19:33:22.648+0000] {taskinstance.py:2890} ERROR - Task failed with exception
Traceback (most recent call last):
  File "/home/airflow/.local/lib/python3.12/site-packages/airflow/models/taskinstance.py", line 465, in _execute_task
    result = _execute_callable(context=context, **execute_callable_kwargs)
             ^^^^^^^^^^^^^^^^^^^^^^^^^^^^^^^^^^^^^^^^^^^^^^^^^^^^^^^^^^^^^
  File "/home/airflow/.local/lib/python3.12/site-packages/airflow/models/taskinstance.py", line 432, in _execute_callable
    return execute_callable(context=context, **execute_callable_kwargs)
           ^^^^^^^^^^^^^^^^^^^^^^^^^^^^^^^^^^^^^^^^^^^^^^^^^^^^^^^^^^^^
  File "/home/airflow/.local/lib/python3.12/site-packages/airflow/models/baseoperator.py", line 400, in wrapper
    return func(self, *args, **kwargs)
           ^^^^^^^^^^^^^^^^^^^^^^^^^^^
  File "/home/airflow/.local/lib/python3.12/site-packages/airflow/operators/python.py", line 235, in execute
    return_value = self.execute_callable()
                   ^^^^^^^^^^^^^^^^^^^^^^^
  File "/home/airflow/.local/lib/python3.12/site-packages/airflow/operators/python.py", line 252, in execute_callable
    return self.python_callable(*self.op_args, **self.op_kwargs)
           ^^^^^^^^^^^^^^^^^^^^^^^^^^^^^^^^^^^^^^^^^^^^^^^^^^^^^
  File "/opt/airflow/dags/sneakerz_pipeline.py", line 31, in run_scraping
    raise Exception(f"Scraping failed: {result.stderr}")
Exception: Scraping failed: Traceback (most recent call last):
  File "/opt/airflow/scraper/spiders/real_scraper.py", line 1, in <module>
    from playwright.sync_api import sync_playwright
ModuleNotFoundError: No module named 'playwright'

[2026-05-10T19:33:22.670+0000] {taskinstance.py:1205} INFO - Marking task as FAILED. dag_id=sneakerz_pipeline, task_id=scrape_footlocker, execution_date=20260510T192314, start_date=20260510T193322, end_date=20260510T193322
[2026-05-10T19:33:22.685+0000] {standard_task_runner.py:110} ERROR - Failed to execute job 48 for task scrape_footlocker (Scraping failed: Traceback (most recent call last):
  File "/opt/airflow/scraper/spiders/real_scraper.py", line 1, in <module>
    from playwright.sync_api import sync_playwright
ModuleNotFoundError: No module named 'playwright'
; 178)
[2026-05-10T19:33:22.729+0000] {local_task_job_runner.py:240} INFO - Task exited with return code 1
[2026-05-10T19:33:22.765+0000] {taskinstance.py:3482} INFO - 0 downstream tasks scheduled from follow-on schedule check
[2026-05-10T19:33:22.771+0000] {local_task_job_runner.py:222} INFO - ::endgroup::
