[2026-05-10T19:10:05.880+0000] {local_task_job_runner.py:120} INFO - ::group::Pre task execution logs
[2026-05-10T19:10:05.951+0000] {taskinstance.py:2073} INFO - Dependencies all met for dep_context=non-requeueable deps ti=<TaskInstance: sneakerz_pipeline.scrape_footlocker scheduled__2026-05-10T18:00:00+00:00 [queued]>
[2026-05-10T19:10:05.969+0000] {taskinstance.py:2073} INFO - Dependencies all met for dep_context=requeueable deps ti=<TaskInstance: sneakerz_pipeline.scrape_footlocker scheduled__2026-05-10T18:00:00+00:00 [queued]>
[2026-05-10T19:10:05.971+0000] {taskinstance.py:2303} INFO - Starting attempt 3 of 3
[2026-05-10T19:10:05.994+0000] {taskinstance.py:2327} INFO - Executing <Task(BashOperator): scrape_footlocker> on 2026-05-10 18:00:00+00:00
[2026-05-10T19:10:06.009+0000] {standard_task_runner.py:90} INFO - Running: ['airflow', 'tasks', 'run', 'sneakerz_pipeline', 'scrape_footlocker', 'scheduled__2026-05-10T18:00:00+00:00', '--job-id', '38', '--raw', '--subdir', 'DAGS_FOLDER/sneakerz_pipeline.py', '--cfg-path', '/tmp/tmpshhsbxj_']
[2026-05-10T19:10:06.014+0000] {standard_task_runner.py:91} INFO - Job 38: Subtask scrape_footlocker
[2026-05-10T19:10:06.014+0000] {logging_mixin.py:188} WARNING - /home/airflow/.local/lib/python3.12/site-packages/airflow/task/task_runner/standard_task_runner.py:61 DeprecationWarning: This process (pid=2552) is multi-threaded, use of fork() may lead to deadlocks in the child.
[2026-05-10T19:10:06.015+0000] {standard_task_runner.py:63} INFO - Started process 2554 to run task
[2026-05-10T19:10:06.145+0000] {task_command.py:426} INFO - Running <TaskInstance: sneakerz_pipeline.scrape_footlocker scheduled__2026-05-10T18:00:00+00:00 [running]> on host 2738a36c0fc6
[2026-05-10T19:10:06.338+0000] {taskinstance.py:2644} INFO - Exporting env vars: AIRFLOW_CTX_DAG_OWNER='sneakerz' AIRFLOW_CTX_DAG_ID='sneakerz_pipeline' AIRFLOW_CTX_TASK_ID='scrape_footlocker' AIRFLOW_CTX_EXECUTION_DATE='2026-05-10T18:00:00+00:00' AIRFLOW_CTX_TRY_NUMBER='3' AIRFLOW_CTX_DAG_RUN_ID='scheduled__2026-05-10T18:00:00+00:00'
[2026-05-10T19:10:06.340+0000] {taskinstance.py:430} INFO - ::endgroup::
[2026-05-10T19:10:06.360+0000] {subprocess.py:63} INFO - Tmp dir root location: /tmp
[2026-05-10T19:10:06.363+0000] {subprocess.py:75} INFO - Running command: ['/usr/bin/bash', '-c', '\n        cd /opt/airflow/scraper &&\n        python fix_bronze.py &&\n        echo "✅ Footlocker scrapé"\n    ']
[2026-05-10T19:10:06.408+0000] {subprocess.py:86} INFO - Output:
[2026-05-10T19:10:06.484+0000] {subprocess.py:93} INFO - python: can't open file '/opt/airflow/scraper/fix_bronze.py': [Errno 2] No such file or directory
[2026-05-10T19:10:06.491+0000] {subprocess.py:97} INFO - Command exited with return code 2
[2026-05-10T19:10:06.493+0000] {taskinstance.py:441} INFO - ::group::Post task execution logs
[2026-05-10T19:10:06.519+0000] {taskinstance.py:2890} ERROR - Task failed with exception
Traceback (most recent call last):
  File "/home/airflow/.local/lib/python3.12/site-packages/airflow/models/taskinstance.py", line 465, in _execute_task
    result = _execute_callable(context=context, **execute_callable_kwargs)
             ^^^^^^^^^^^^^^^^^^^^^^^^^^^^^^^^^^^^^^^^^^^^^^^^^^^^^^^^^^^^^
  File "/home/airflow/.local/lib/python3.12/site-packages/airflow/models/taskinstance.py", line 432, in _execute_callable
    return execute_callable(context=context, **execute_callable_kwargs)
           ^^^^^^^^^^^^^^^^^^^^^^^^^^^^^^^^^^^^^^^^^^^^^^^^^^^^^^^^^^^^
  File "/home/airflow/.local/lib/python3.12/site-packages/airflow/models/baseoperator.py", line 400, in wrapper
    return func(self, *args, **kwargs)
           ^^^^^^^^^^^^^^^^^^^^^^^^^^^
  File "/home/airflow/.local/lib/python3.12/site-packages/airflow/operators/bash.py", line 243, in execute
    raise AirflowException(
airflow.exceptions.AirflowException: Bash command failed. The command returned a non-zero exit code 2.
[2026-05-10T19:10:06.525+0000] {taskinstance.py:1205} INFO - Marking task as FAILED. dag_id=sneakerz_pipeline, task_id=scrape_footlocker, execution_date=20260510T180000, start_date=20260510T191005, end_date=20260510T191006
[2026-05-10T19:10:06.547+0000] {standard_task_runner.py:110} ERROR - Failed to execute job 38 for task scrape_footlocker (Bash command failed. The command returned a non-zero exit code 2.; 2554)
[2026-05-10T19:10:06.594+0000] {local_task_job_runner.py:240} INFO - Task exited with return code 1
[2026-05-10T19:10:06.636+0000] {taskinstance.py:3482} INFO - 0 downstream tasks scheduled from follow-on schedule check
[2026-05-10T19:10:06.642+0000] {local_task_job_runner.py:222} INFO - ::endgroup::
