[2026-05-10T19:10:05.910+0000] {local_task_job_runner.py:120} INFO - ::group::Pre task execution logs
[2026-05-10T19:10:05.970+0000] {taskinstance.py:2073} INFO - Dependencies all met for dep_context=non-requeueable deps ti=<TaskInstance: sneakerz_pipeline.scrape_kickscrew scheduled__2026-05-10T18:00:00+00:00 [queued]>
[2026-05-10T19:10:05.986+0000] {taskinstance.py:2073} INFO - Dependencies all met for dep_context=requeueable deps ti=<TaskInstance: sneakerz_pipeline.scrape_kickscrew scheduled__2026-05-10T18:00:00+00:00 [queued]>
[2026-05-10T19:10:05.987+0000] {taskinstance.py:2303} INFO - Starting attempt 3 of 3
[2026-05-10T19:10:06.008+0000] {taskinstance.py:2327} INFO - Executing <Task(BashOperator): scrape_kickscrew> on 2026-05-10 18:00:00+00:00
[2026-05-10T19:10:06.027+0000] {standard_task_runner.py:90} INFO - Running: ['airflow', 'tasks', 'run', 'sneakerz_pipeline', 'scrape_kickscrew', 'scheduled__2026-05-10T18:00:00+00:00', '--job-id', '39', '--raw', '--subdir', 'DAGS_FOLDER/sneakerz_pipeline.py', '--cfg-path', '/tmp/tmp7v5my4s0']
[2026-05-10T19:10:06.031+0000] {logging_mixin.py:188} WARNING - /home/airflow/.local/lib/python3.12/site-packages/airflow/task/task_runner/standard_task_runner.py:61 DeprecationWarning: This process (pid=2553) is multi-threaded, use of fork() may lead to deadlocks in the child.
[2026-05-10T19:10:06.031+0000] {standard_task_runner.py:91} INFO - Job 39: Subtask scrape_kickscrew
[2026-05-10T19:10:06.032+0000] {standard_task_runner.py:63} INFO - Started process 2555 to run task
[2026-05-10T19:10:06.167+0000] {task_command.py:426} INFO - Running <TaskInstance: sneakerz_pipeline.scrape_kickscrew scheduled__2026-05-10T18:00:00+00:00 [running]> on host 2738a36c0fc6
[2026-05-10T19:10:06.369+0000] {taskinstance.py:2644} INFO - Exporting env vars: AIRFLOW_CTX_DAG_OWNER='sneakerz' AIRFLOW_CTX_DAG_ID='sneakerz_pipeline' AIRFLOW_CTX_TASK_ID='scrape_kickscrew' AIRFLOW_CTX_EXECUTION_DATE='2026-05-10T18:00:00+00:00' AIRFLOW_CTX_TRY_NUMBER='3' AIRFLOW_CTX_DAG_RUN_ID='scheduled__2026-05-10T18:00:00+00:00'
[2026-05-10T19:10:06.371+0000] {taskinstance.py:430} INFO - ::endgroup::
[2026-05-10T19:10:06.388+0000] {subprocess.py:63} INFO - Tmp dir root location: /tmp
[2026-05-10T19:10:06.391+0000] {subprocess.py:75} INFO - Running command: ['/usr/bin/bash', '-c', '\n        cd /opt/airflow/scraper &&\n        python fix_bronze.py &&\n        echo "✅ KicksCrew scrapé"\n    ']
[2026-05-10T19:10:06.423+0000] {subprocess.py:86} INFO - Output:
[2026-05-10T19:10:06.484+0000] {subprocess.py:93} INFO - python: can't open file '/opt/airflow/scraper/fix_bronze.py': [Errno 2] No such file or directory
[2026-05-10T19:10:06.491+0000] {subprocess.py:97} INFO - Command exited with return code 2
[2026-05-10T19:10:06.492+0000] {taskinstance.py:441} INFO - ::group::Post task execution logs
[2026-05-10T19:10:06.522+0000] {taskinstance.py:2890} ERROR - Task failed with exception
Traceback (most recent call last):
  File "/home/airflow/.local/lib/python3.12/site-packages/airflow/models/taskinstance.py", line 465, in _execute_task
    result = _execute_callable(context=context, **execute_callable_kwargs)
             ^^^^^^^^^^^^^^^^^^^^^^^^^^^^^^^^^^^^^^^^^^^^^^^^^^^^^^^^^^^^^
  File "/home/airflow/.local/lib/python3.12/site-packages/airflow/models/taskinstance.py", line 432, in _execute_callable
    return execute_callable(context=context, **execute_callable_kwargs)
           ^^^^^^^^^^^^^^^^^^^^^^^^^^^^^^^^^^^^^^^^^^^^^^^^^^^^^^^^^^^^
  File "/home/airflow/.local/lib/python3.12/site-packages/airflow/models/baseoperator.py", line 400, in wrapper
    return func(self, *args, **kwargs)
           ^^^^^^^^^^^^^^^^^^^^^^^^^^^
  File "/home/airflow/.local/lib/python3.12/site-packages/airflow/operators/bash.py", line 243, in execute
    raise AirflowException(
airflow.exceptions.AirflowException: Bash command failed. The command returned a non-zero exit code 2.
[2026-05-10T19:10:06.538+0000] {taskinstance.py:1205} INFO - Marking task as FAILED. dag_id=sneakerz_pipeline, task_id=scrape_kickscrew, execution_date=20260510T180000, start_date=20260510T191005, end_date=20260510T191006
[2026-05-10T19:10:06.559+0000] {standard_task_runner.py:110} ERROR - Failed to execute job 39 for task scrape_kickscrew (Bash command failed. The command returned a non-zero exit code 2.; 2555)
[2026-05-10T19:10:06.610+0000] {local_task_job_runner.py:240} INFO - Task exited with return code 1
[2026-05-10T19:10:06.661+0000] {taskinstance.py:3482} INFO - 0 downstream tasks scheduled from follow-on schedule check
[2026-05-10T19:10:06.670+0000] {local_task_job_runner.py:222} INFO - ::endgroup::
