[2026-05-10T19:05:03.837+0000] {local_task_job_runner.py:120} INFO - ::group::Pre task execution logs
[2026-05-10T19:05:03.919+0000] {taskinstance.py:2073} INFO - Dependencies all met for dep_context=non-requeueable deps ti=<TaskInstance: sneakerz_pipeline.scrape_kickscrew scheduled__2026-05-10T18:00:00+00:00 [queued]>
[2026-05-10T19:05:03.940+0000] {taskinstance.py:2073} INFO - Dependencies all met for dep_context=requeueable deps ti=<TaskInstance: sneakerz_pipeline.scrape_kickscrew scheduled__2026-05-10T18:00:00+00:00 [queued]>
[2026-05-10T19:05:03.942+0000] {taskinstance.py:2303} INFO - Starting attempt 2 of 3
[2026-05-10T19:05:03.981+0000] {taskinstance.py:2327} INFO - Executing <Task(BashOperator): scrape_kickscrew> on 2026-05-10 18:00:00+00:00
[2026-05-10T19:05:04.000+0000] {standard_task_runner.py:90} INFO - Running: ['airflow', 'tasks', 'run', 'sneakerz_pipeline', 'scrape_kickscrew', 'scheduled__2026-05-10T18:00:00+00:00', '--job-id', '37', '--raw', '--subdir', 'DAGS_FOLDER/sneakerz_pipeline.py', '--cfg-path', '/tmp/tmp68tkdeqh']
[2026-05-10T19:05:04.004+0000] {logging_mixin.py:188} WARNING - /home/airflow/.local/lib/python3.12/site-packages/airflow/task/task_runner/standard_task_runner.py:61 DeprecationWarning: This process (pid=2495) is multi-threaded, use of fork() may lead to deadlocks in the child.
[2026-05-10T19:05:04.006+0000] {standard_task_runner.py:91} INFO - Job 37: Subtask scrape_kickscrew
[2026-05-10T19:05:04.006+0000] {standard_task_runner.py:63} INFO - Started process 2497 to run task
[2026-05-10T19:05:04.131+0000] {task_command.py:426} INFO - Running <TaskInstance: sneakerz_pipeline.scrape_kickscrew scheduled__2026-05-10T18:00:00+00:00 [running]> on host 2738a36c0fc6
[2026-05-10T19:05:04.313+0000] {taskinstance.py:2644} INFO - Exporting env vars: AIRFLOW_CTX_DAG_OWNER='sneakerz' AIRFLOW_CTX_DAG_ID='sneakerz_pipeline' AIRFLOW_CTX_TASK_ID='scrape_kickscrew' AIRFLOW_CTX_EXECUTION_DATE='2026-05-10T18:00:00+00:00' AIRFLOW_CTX_TRY_NUMBER='2' AIRFLOW_CTX_DAG_RUN_ID='scheduled__2026-05-10T18:00:00+00:00'
[2026-05-10T19:05:04.315+0000] {taskinstance.py:430} INFO - ::endgroup::
[2026-05-10T19:05:04.351+0000] {subprocess.py:63} INFO - Tmp dir root location: /tmp
[2026-05-10T19:05:04.358+0000] {subprocess.py:75} INFO - Running command: ['/usr/bin/bash', '-c', '\n        cd /opt/airflow/scraper &&\n        python fix_bronze.py &&\n        echo "✅ KicksCrew scrapé"\n    ']
[2026-05-10T19:05:04.398+0000] {subprocess.py:86} INFO - Output:
[2026-05-10T19:05:04.480+0000] {subprocess.py:93} INFO - python: can't open file '/opt/airflow/scraper/fix_bronze.py': [Errno 2] No such file or directory
[2026-05-10T19:05:04.486+0000] {subprocess.py:97} INFO - Command exited with return code 2
[2026-05-10T19:05:04.488+0000] {taskinstance.py:441} INFO - ::group::Post task execution logs
[2026-05-10T19:05:04.516+0000] {taskinstance.py:2890} ERROR - Task failed with exception
Traceback (most recent call last):
  File "/home/airflow/.local/lib/python3.12/site-packages/airflow/models/taskinstance.py", line 465, in _execute_task
    result = _execute_callable(context=context, **execute_callable_kwargs)
             ^^^^^^^^^^^^^^^^^^^^^^^^^^^^^^^^^^^^^^^^^^^^^^^^^^^^^^^^^^^^^
  File "/home/airflow/.local/lib/python3.12/site-packages/airflow/models/taskinstance.py", line 432, in _execute_callable
    return execute_callable(context=context, **execute_callable_kwargs)
           ^^^^^^^^^^^^^^^^^^^^^^^^^^^^^^^^^^^^^^^^^^^^^^^^^^^^^^^^^^^^
  File "/home/airflow/.local/lib/python3.12/site-packages/airflow/models/baseoperator.py", line 400, in wrapper
    return func(self, *args, **kwargs)
           ^^^^^^^^^^^^^^^^^^^^^^^^^^^
  File "/home/airflow/.local/lib/python3.12/site-packages/airflow/operators/bash.py", line 243, in execute
    raise AirflowException(
airflow.exceptions.AirflowException: Bash command failed. The command returned a non-zero exit code 2.
[2026-05-10T19:05:04.522+0000] {taskinstance.py:1205} INFO - Marking task as UP_FOR_RETRY. dag_id=sneakerz_pipeline, task_id=scrape_kickscrew, execution_date=20260510T180000, start_date=20260510T190503, end_date=20260510T190504
[2026-05-10T19:05:04.541+0000] {standard_task_runner.py:110} ERROR - Failed to execute job 37 for task scrape_kickscrew (Bash command failed. The command returned a non-zero exit code 2.; 2497)
[2026-05-10T19:05:04.585+0000] {local_task_job_runner.py:240} INFO - Task exited with return code 1
[2026-05-10T19:05:04.656+0000] {taskinstance.py:3482} INFO - 0 downstream tasks scheduled from follow-on schedule check
[2026-05-10T19:05:04.660+0000] {local_task_job_runner.py:222} INFO - ::endgroup::
