[2026-05-10T15:21:16.908+0000] {local_task_job_runner.py:120} INFO - ::group::Pre task execution logs
[2026-05-10T15:21:16.959+0000] {taskinstance.py:2073} INFO - Dependencies all met for dep_context=non-requeueable deps ti=<TaskInstance: sneakerz_pipeline.scrape_kickscrew manual__2026-05-10T15:16:14.247130+00:00 [queued]>
[2026-05-10T15:21:16.972+0000] {taskinstance.py:2073} INFO - Dependencies all met for dep_context=requeueable deps ti=<TaskInstance: sneakerz_pipeline.scrape_kickscrew manual__2026-05-10T15:16:14.247130+00:00 [queued]>
[2026-05-10T15:21:16.974+0000] {taskinstance.py:2303} INFO - Starting attempt 2 of 3
[2026-05-10T15:21:16.996+0000] {taskinstance.py:2327} INFO - Executing <Task(BashOperator): scrape_kickscrew> on 2026-05-10 15:16:14.247130+00:00
[2026-05-10T15:21:17.009+0000] {standard_task_runner.py:90} INFO - Running: ['airflow', 'tasks', 'run', 'sneakerz_pipeline', 'scrape_kickscrew', 'manual__2026-05-10T15:16:14.247130+00:00', '--job-id', '10', '--raw', '--subdir', 'DAGS_FOLDER/sneakerz_pipeline.py', '--cfg-path', '/tmp/tmp6r4_muim']
[2026-05-10T15:21:17.012+0000] {logging_mixin.py:188} WARNING - /home/airflow/.local/lib/python3.12/site-packages/airflow/task/task_runner/standard_task_runner.py:61 DeprecationWarning: This process (pid=189) is multi-threaded, use of fork() may lead to deadlocks in the child.
[2026-05-10T15:21:17.013+0000] {standard_task_runner.py:91} INFO - Job 10: Subtask scrape_kickscrew
[2026-05-10T15:21:17.013+0000] {standard_task_runner.py:63} INFO - Started process 190 to run task
[2026-05-10T15:21:17.117+0000] {task_command.py:426} INFO - Running <TaskInstance: sneakerz_pipeline.scrape_kickscrew manual__2026-05-10T15:16:14.247130+00:00 [running]> on host 2738a36c0fc6
[2026-05-10T15:21:17.258+0000] {taskinstance.py:2644} INFO - Exporting env vars: AIRFLOW_CTX_DAG_OWNER='sneakerz' AIRFLOW_CTX_DAG_ID='sneakerz_pipeline' AIRFLOW_CTX_TASK_ID='scrape_kickscrew' AIRFLOW_CTX_EXECUTION_DATE='2026-05-10T15:16:14.247130+00:00' AIRFLOW_CTX_TRY_NUMBER='2' AIRFLOW_CTX_DAG_RUN_ID='manual__2026-05-10T15:16:14.247130+00:00'
[2026-05-10T15:21:17.260+0000] {taskinstance.py:430} INFO - ::endgroup::
[2026-05-10T15:21:17.277+0000] {subprocess.py:63} INFO - Tmp dir root location: /tmp
[2026-05-10T15:21:17.279+0000] {subprocess.py:75} INFO - Running command: ['/usr/bin/bash', '-c', '\n        cd /opt/airflow/scraper &&\n        python fix_bronze.py &&\n        echo "✅ KicksCrew scrapé"\n    ']
[2026-05-10T15:21:17.296+0000] {subprocess.py:86} INFO - Output:
[2026-05-10T15:21:17.443+0000] {subprocess.py:93} INFO - === FIX BRONZE LAYER ===
[2026-05-10T15:21:17.443+0000] {subprocess.py:93} INFO - [FOOTLOCKER] 26 produits générés ✅
[2026-05-10T15:21:17.444+0000] {subprocess.py:93} INFO -   → Nike | Air Max Tuned 1 | 110€
[2026-05-10T15:21:17.445+0000] {subprocess.py:93} INFO -   → Adidas | Gazelle | 100€
[2026-05-10T15:21:17.446+0000] {subprocess.py:93} INFO -   → Adidas | Samba Og | 100€
[2026-05-10T15:21:17.447+0000] {subprocess.py:93} INFO - [KICKSCREW] 23 produits générés ✅
[2026-05-10T15:21:17.448+0000] {subprocess.py:93} INFO -   → Nike | Air Jordan 1 Retro High OG | 180$
[2026-05-10T15:21:17.449+0000] {subprocess.py:93} INFO -   → Nike | Air Force 1 Low 07 | 110$
[2026-05-10T15:21:17.453+0000] {subprocess.py:93} INFO -   → Nike | Dunk Low Retro | 120$
[2026-05-10T15:21:17.454+0000] {subprocess.py:93} INFO - 
[2026-05-10T15:21:17.455+0000] {subprocess.py:93} INFO - ✅ Bronze layer prêt !
[2026-05-10T15:21:17.458+0000] {subprocess.py:93} INFO - ✅ KicksCrew scrapé
[2026-05-10T15:21:17.459+0000] {subprocess.py:97} INFO - Command exited with return code 0
[2026-05-10T15:21:17.461+0000] {taskinstance.py:441} INFO - ::group::Post task execution logs
[2026-05-10T15:21:17.503+0000] {taskinstance.py:1205} INFO - Marking task as SUCCESS. dag_id=sneakerz_pipeline, task_id=scrape_kickscrew, execution_date=20260510T151614, start_date=20260510T152116, end_date=20260510T152117
[2026-05-10T15:21:17.550+0000] {local_task_job_runner.py:240} INFO - Task exited with return code 0
[2026-05-10T15:21:17.586+0000] {taskinstance.py:3482} INFO - 1 downstream tasks scheduled from follow-on schedule check
[2026-05-10T15:21:17.591+0000] {local_task_job_runner.py:222} INFO - ::endgroup::
