[2026-05-10T17:10:03.808+0000] {local_task_job_runner.py:120} INFO - ::group::Pre task execution logs
[2026-05-10T17:10:03.861+0000] {taskinstance.py:2073} INFO - Dependencies all met for dep_context=non-requeueable deps ti=<TaskInstance: sneakerz_pipeline.scrape_footlocker scheduled__2026-05-10T16:00:00+00:00 [queued]>
[2026-05-10T17:10:03.873+0000] {taskinstance.py:2073} INFO - Dependencies all met for dep_context=requeueable deps ti=<TaskInstance: sneakerz_pipeline.scrape_footlocker scheduled__2026-05-10T16:00:00+00:00 [queued]>
[2026-05-10T17:10:03.874+0000] {taskinstance.py:2303} INFO - Starting attempt 3 of 3
[2026-05-10T17:10:03.893+0000] {taskinstance.py:2327} INFO - Executing <Task(BashOperator): scrape_footlocker> on 2026-05-10 16:00:00+00:00
[2026-05-10T17:10:03.908+0000] {standard_task_runner.py:90} INFO - Running: ['airflow', 'tasks', 'run', 'sneakerz_pipeline', 'scrape_footlocker', 'scheduled__2026-05-10T16:00:00+00:00', '--job-id', '26', '--raw', '--subdir', 'DAGS_FOLDER/sneakerz_pipeline.py', '--cfg-path', '/tmp/tmpiw8acf_e']
[2026-05-10T17:10:03.911+0000] {logging_mixin.py:188} WARNING - /home/airflow/.local/lib/python3.12/site-packages/airflow/task/task_runner/standard_task_runner.py:61 DeprecationWarning: This process (pid=1320) is multi-threaded, use of fork() may lead to deadlocks in the child.
[2026-05-10T17:10:03.911+0000] {standard_task_runner.py:91} INFO - Job 26: Subtask scrape_footlocker
[2026-05-10T17:10:03.912+0000] {standard_task_runner.py:63} INFO - Started process 1322 to run task
[2026-05-10T17:10:04.017+0000] {task_command.py:426} INFO - Running <TaskInstance: sneakerz_pipeline.scrape_footlocker scheduled__2026-05-10T16:00:00+00:00 [running]> on host 2738a36c0fc6
[2026-05-10T17:10:04.255+0000] {taskinstance.py:2644} INFO - Exporting env vars: AIRFLOW_CTX_DAG_OWNER='sneakerz' AIRFLOW_CTX_DAG_ID='sneakerz_pipeline' AIRFLOW_CTX_TASK_ID='scrape_footlocker' AIRFLOW_CTX_EXECUTION_DATE='2026-05-10T16:00:00+00:00' AIRFLOW_CTX_TRY_NUMBER='3' AIRFLOW_CTX_DAG_RUN_ID='scheduled__2026-05-10T16:00:00+00:00'
[2026-05-10T17:10:04.258+0000] {taskinstance.py:430} INFO - ::endgroup::
[2026-05-10T17:10:04.280+0000] {subprocess.py:63} INFO - Tmp dir root location: /tmp
[2026-05-10T17:10:04.287+0000] {subprocess.py:75} INFO - Running command: ['/usr/bin/bash', '-c', '\n        cd /opt/airflow/scraper &&\n        python fix_bronze.py &&\n        echo "✅ Footlocker scrapé"\n    ']
[2026-05-10T17:10:04.323+0000] {subprocess.py:86} INFO - Output:
[2026-05-10T17:10:04.380+0000] {subprocess.py:93} INFO - python: can't open file '/opt/airflow/scraper/fix_bronze.py': [Errno 2] No such file or directory
[2026-05-10T17:10:04.387+0000] {subprocess.py:97} INFO - Command exited with return code 2
[2026-05-10T17:10:04.389+0000] {taskinstance.py:441} INFO - ::group::Post task execution logs
[2026-05-10T17:10:04.407+0000] {taskinstance.py:2890} ERROR - Task failed with exception
Traceback (most recent call last):
  File "/home/airflow/.local/lib/python3.12/site-packages/airflow/models/taskinstance.py", line 465, in _execute_task
    result = _execute_callable(context=context, **execute_callable_kwargs)
             ^^^^^^^^^^^^^^^^^^^^^^^^^^^^^^^^^^^^^^^^^^^^^^^^^^^^^^^^^^^^^
  File "/home/airflow/.local/lib/python3.12/site-packages/airflow/models/taskinstance.py", line 432, in _execute_callable
    return execute_callable(context=context, **execute_callable_kwargs)
           ^^^^^^^^^^^^^^^^^^^^^^^^^^^^^^^^^^^^^^^^^^^^^^^^^^^^^^^^^^^^
  File "/home/airflow/.local/lib/python3.12/site-packages/airflow/models/baseoperator.py", line 400, in wrapper
    return func(self, *args, **kwargs)
           ^^^^^^^^^^^^^^^^^^^^^^^^^^^
  File "/home/airflow/.local/lib/python3.12/site-packages/airflow/operators/bash.py", line 243, in execute
    raise AirflowException(
airflow.exceptions.AirflowException: Bash command failed. The command returned a non-zero exit code 2.
[2026-05-10T17:10:04.415+0000] {taskinstance.py:1205} INFO - Marking task as FAILED. dag_id=sneakerz_pipeline, task_id=scrape_footlocker, execution_date=20260510T160000, start_date=20260510T171003, end_date=20260510T171004
[2026-05-10T17:10:04.434+0000] {standard_task_runner.py:110} ERROR - Failed to execute job 26 for task scrape_footlocker (Bash command failed. The command returned a non-zero exit code 2.; 1322)
[2026-05-10T17:10:04.491+0000] {local_task_job_runner.py:240} INFO - Task exited with return code 1
[2026-05-10T17:10:04.559+0000] {taskinstance.py:3482} INFO - 0 downstream tasks scheduled from follow-on schedule check
[2026-05-10T17:10:04.566+0000] {local_task_job_runner.py:222} INFO - ::endgroup::
