[2026-05-10T16:00:03.711+0000] {local_task_job_runner.py:120} INFO - ::group::Pre task execution logs
[2026-05-10T16:00:03.762+0000] {taskinstance.py:2073} INFO - Dependencies all met for dep_context=non-requeueable deps ti=<TaskInstance: sneakerz_pipeline.bronze_to_silver scheduled__2026-05-10T15:00:00+00:00 [queued]>
[2026-05-10T16:00:03.776+0000] {taskinstance.py:2073} INFO - Dependencies all met for dep_context=requeueable deps ti=<TaskInstance: sneakerz_pipeline.bronze_to_silver scheduled__2026-05-10T15:00:00+00:00 [queued]>
[2026-05-10T16:00:03.777+0000] {taskinstance.py:2303} INFO - Starting attempt 1 of 3
[2026-05-10T16:00:03.798+0000] {taskinstance.py:2327} INFO - Executing <Task(PythonOperator): bronze_to_silver> on 2026-05-10 15:00:00+00:00
[2026-05-10T16:00:03.816+0000] {standard_task_runner.py:90} INFO - Running: ['airflow', 'tasks', 'run', 'sneakerz_pipeline', 'bronze_to_silver', 'scheduled__2026-05-10T15:00:00+00:00', '--job-id', '19', '--raw', '--subdir', 'DAGS_FOLDER/sneakerz_pipeline.py', '--cfg-path', '/tmp/tmp7mgdmt3a']
[2026-05-10T16:00:03.819+0000] {logging_mixin.py:188} WARNING - /home/airflow/.local/lib/python3.12/site-packages/airflow/task/task_runner/standard_task_runner.py:61 DeprecationWarning: This process (pid=599) is multi-threaded, use of fork() may lead to deadlocks in the child.
[2026-05-10T16:00:03.820+0000] {standard_task_runner.py:91} INFO - Job 19: Subtask bronze_to_silver
[2026-05-10T16:00:03.821+0000] {standard_task_runner.py:63} INFO - Started process 600 to run task
[2026-05-10T16:00:03.925+0000] {task_command.py:426} INFO - Running <TaskInstance: sneakerz_pipeline.bronze_to_silver scheduled__2026-05-10T15:00:00+00:00 [running]> on host 2738a36c0fc6
[2026-05-10T16:00:04.062+0000] {taskinstance.py:2644} INFO - Exporting env vars: AIRFLOW_CTX_DAG_OWNER='sneakerz' AIRFLOW_CTX_DAG_ID='sneakerz_pipeline' AIRFLOW_CTX_TASK_ID='bronze_to_silver' AIRFLOW_CTX_EXECUTION_DATE='2026-05-10T15:00:00+00:00' AIRFLOW_CTX_TRY_NUMBER='1' AIRFLOW_CTX_DAG_RUN_ID='scheduled__2026-05-10T15:00:00+00:00'
[2026-05-10T16:00:04.064+0000] {taskinstance.py:430} INFO - ::endgroup::
[2026-05-10T16:00:04.247+0000] {taskinstance.py:441} INFO - ::group::Post task execution logs
[2026-05-10T16:00:04.248+0000] {taskinstance.py:2890} ERROR - Task failed with exception
Traceback (most recent call last):
  File "/home/airflow/.local/lib/python3.12/site-packages/airflow/models/taskinstance.py", line 465, in _execute_task
    result = _execute_callable(context=context, **execute_callable_kwargs)
             ^^^^^^^^^^^^^^^^^^^^^^^^^^^^^^^^^^^^^^^^^^^^^^^^^^^^^^^^^^^^^
  File "/home/airflow/.local/lib/python3.12/site-packages/airflow/models/taskinstance.py", line 432, in _execute_callable
    return execute_callable(context=context, **execute_callable_kwargs)
           ^^^^^^^^^^^^^^^^^^^^^^^^^^^^^^^^^^^^^^^^^^^^^^^^^^^^^^^^^^^^
  File "/home/airflow/.local/lib/python3.12/site-packages/airflow/models/baseoperator.py", line 400, in wrapper
    return func(self, *args, **kwargs)
           ^^^^^^^^^^^^^^^^^^^^^^^^^^^
  File "/home/airflow/.local/lib/python3.12/site-packages/airflow/operators/python.py", line 235, in execute
    return_value = self.execute_callable()
                   ^^^^^^^^^^^^^^^^^^^^^^^
  File "/home/airflow/.local/lib/python3.12/site-packages/airflow/operators/python.py", line 252, in execute_callable
    return self.python_callable(*self.op_args, **self.op_kwargs)
           ^^^^^^^^^^^^^^^^^^^^^^^^^^^^^^^^^^^^^^^^^^^^^^^^^^^^^
  File "/opt/airflow/dags/sneakerz_pipeline.py", line 57, in bronze_to_silver
    raise Exception(f"Silver transform failed: {result.stderr}")
Exception: Silver transform failed: Traceback (most recent call last):
  File "/opt/airflow/scraper/silver_transform.py", line 108, in <module>
    transform_to_silver()
  File "/opt/airflow/scraper/silver_transform.py", line 63, in transform_to_silver
    items = load_bronze(source)
            ^^^^^^^^^^^^^^^^^^^
  File "/opt/airflow/scraper/silver_transform.py", line 9, in load_bronze
    files = [f for f in os.listdir(bronze_dir) if f.startswith(source)]
                        ^^^^^^^^^^^^^^^^^^^^^^
FileNotFoundError: [Errno 2] No such file or directory: 'data/bronze'

[2026-05-10T16:00:04.271+0000] {taskinstance.py:1205} INFO - Marking task as UP_FOR_RETRY. dag_id=sneakerz_pipeline, task_id=bronze_to_silver, execution_date=20260510T150000, start_date=20260510T160003, end_date=20260510T160004
[2026-05-10T16:00:04.292+0000] {standard_task_runner.py:110} ERROR - Failed to execute job 19 for task bronze_to_silver (Silver transform failed: Traceback (most recent call last):
  File "/opt/airflow/scraper/silver_transform.py", line 108, in <module>
    transform_to_silver()
  File "/opt/airflow/scraper/silver_transform.py", line 63, in transform_to_silver
    items = load_bronze(source)
            ^^^^^^^^^^^^^^^^^^^
  File "/opt/airflow/scraper/silver_transform.py", line 9, in load_bronze
    files = [f for f in os.listdir(bronze_dir) if f.startswith(source)]
                        ^^^^^^^^^^^^^^^^^^^^^^
FileNotFoundError: [Errno 2] No such file or directory: 'data/bronze'
; 600)
[2026-05-10T16:00:04.319+0000] {local_task_job_runner.py:240} INFO - Task exited with return code 1
[2026-05-10T16:00:04.361+0000] {taskinstance.py:3482} INFO - 0 downstream tasks scheduled from follow-on schedule check
[2026-05-10T16:00:04.369+0000] {local_task_job_runner.py:222} INFO - ::endgroup::
